#-----------------------------------------------------------
# Webtalk v2020.1 (64-bit)
# SW Build 2902540 on Wed May 27 19:54:35 MDT 2020
# IP Build 2902112 on Wed May 27 22:43:36 MDT 2020
# Start of session at: Tue Dec  1 16:04:57 2020
# Process ID: 20731
# Current directory: /home/daphnelme/Desktop/GTH_RX_SIM_Folder_diego/GTH_Error_test/GTH_Automatic/GTH_Automatic.sim/sim_1/behav/xsim
# Command line: wbtcv -mode batch -source /home/daphnelme/Desktop/GTH_RX_SIM_Folder_diego/GTH_Error_test/GTH_Automatic/GTH_Automatic.sim/sim_1/behav/xsim/xsim.dir/rx_sim_top_behav/webtalk/xsim_webtalk.tcl -notrace
# Log file: /home/daphnelme/Desktop/GTH_RX_SIM_Folder_diego/GTH_Error_test/GTH_Automatic/GTH_Automatic.sim/sim_1/behav/xsim/webtalk.log
# Journal file: /home/daphnelme/Desktop/GTH_RX_SIM_Folder_diego/GTH_Error_test/GTH_Automatic/GTH_Automatic.sim/sim_1/behav/xsim/webtalk.jou
#-----------------------------------------------------------
source /home/daphnelme/Desktop/GTH_RX_SIM_Folder_diego/GTH_Error_test/GTH_Automatic/GTH_Automatic.sim/sim_1/behav/xsim/xsim.dir/rx_sim_top_behav/webtalk/xsim_webtalk.tcl -notrace
